// Jest Snapshot v1, https://goo.gl/fbAQLP

exports[`renders Sidebar with bids selected 1`] = `
<li
  className="sc-bdnxRM eXPXqY"
>
  <li>
    <a
      aria-current="page"
      className="sc-gtsrHT TAQUZ active"
      href="/human/bids"
      onClick={[Function]}
      style={
        Object {
          "color": "white",
          "fontSize": 20,
        }
      }
    >
      Bids
    </a>
  </li>
  <li>
    <a
      aria-current={null}
      className="sc-gtsrHT TAQUZ"
      href="/human/members"
      onClick={[Function]}
    >
      Members
    </a>
  </li>
  <li>
    <a
      aria-current={null}
      className="sc-gtsrHT TAQUZ"
      href="/human/candidates"
      onClick={[Function]}
    >
      Candidates
    </a>
  </li>
  <li>
    <a
      aria-current={null}
      className="sc-gtsrHT TAQUZ"
      href="/human/suspended"
      onClick={[Function]}
    >
      Suspended
    </a>
  </li>
</li>
`;
