// Jest Snapshot v1, https://goo.gl/fbAQLP

exports[`NavigationBar initialize with explore/bidders selected 1`] = `
<div
  className="sc-bczRLJ eaeLWo py-2 my-4 nav"
  onKeyDown={[Function]}
>
  <div
    className="sc-gsnTZi hCWTYr nav-item"
  >
    <a
      aria-current="page"
      className="nav-link active"
      data-rr-ui-event-key={null}
      disabled={false}
      href="/explore/bidders"
      onClick={[Function]}
    >
      Bidders
    </a>
  </div>
  <div
    className="sc-gsnTZi hCWTYr nav-item"
  >
    <a
      className="nav-link"
      data-rr-ui-event-key={null}
      disabled={false}
      href="/explore/candidates"
      onClick={[Function]}
    >
      Candidates
    </a>
  </div>
  <div
    className="sc-gsnTZi hCWTYr nav-item"
  >
    <a
      className="nav-link"
      data-rr-ui-event-key={null}
      disabled={false}
      href="/explore/members"
      onClick={[Function]}
    >
      Members
    </a>
  </div>
  <div
    className="sc-gsnTZi hCWTYr nav-item"
  >
    <a
      className="nav-link"
      data-rr-ui-event-key={null}
      disabled={false}
      href="/explore/suspended"
      onClick={[Function]}
    >
      Suspended
    </a>
  </div>
</div>
`;
